/home/ubuntu/miniconda/envs/sd/lib/python3.11/site-packages/transformers/utils/hub.py:128: FutureWarning: Using `TRANSFORMERS_CACHE` is deprecated and will be removed in v5 of Transformers. Use `HF_HOME` instead.
  warnings.warn(
Using device: cuda
Attempting to load google/flan-t5-xxl in 4-bit...
Downloading shards:   0%|          | 0/5 [00:00<?, ?it/s]Downloading shards: 100%|██████████| 5/5 [00:00<00:00, 13715.84it/s]
Loading checkpoint shards:   0%|          | 0/5 [00:00<?, ?it/s]Loading checkpoint shards:  20%|██        | 1/5 [00:01<00:07,  1.92s/it]Loading checkpoint shards:  40%|████      | 2/5 [00:03<00:05,  1.95s/it]Loading checkpoint shards:  60%|██████    | 3/5 [00:06<00:04,  2.03s/it]Loading checkpoint shards:  80%|████████  | 4/5 [00:08<00:02,  2.06s/it]Loading checkpoint shards: 100%|██████████| 5/5 [00:09<00:00,  1.79s/it]Loading checkpoint shards: 100%|██████████| 5/5 [00:09<00:00,  1.89s/it]

==============================
Successfully loaded big model: google/flan-t5-xxl
==============================

Loading small model: google/flan-t5-small...
Successfully loaded google/flan-t5-small

Running Normal Inference (Baseline)...
Baseline: Latency=2.1927s, Tokens=28, TPS=12.77
Big output Der Klimawandel ist eines der wichtigsten Themen unserer Zeit, die eine globale Zusammenarbeit und innovative Lösungen erfordert.

Running Small Model Inference (Reference)...
Small Model: Latency=0.4613s, Tokens=24, TPS=52.03
Small output  Klimawandel ist eine der wichtigsten Fragen unseres Zeit, die globale Zusammenarbeit und innovative Lösungen zu entwickeln.

Running Speculative Decoding...
Speculative: Latency=1.1359s, Tokens=28, TPS=24.65
Spec output Der Klimawandel ist eines der wichtigsten Themen unserer Zeit, die eine globale Zusammenarbeit und innovative Lösungen erfordert.
Avg. Accepted Tokens per Cycle: 1.80
